
============================================================
python : Traceback (most recent call last):
At line:1 char:24
+ cd "E:\Onuri\UI_test"; python main.py 2>&1 | Tee-Object -FilePath "te ...
+                        ~~~~~~~~~~~~~~~~~~~
    + CategoryInfo          : NotSpecified: (Traceback (most recent call last)::String) [], RemoteException
    + FullyQualifiedErrorId : NativeCommandError
 
  File "E:\Onuri\UI_test\main.py", line 200, in <module>
    main()
    ~~~~^^
  File "E:\Onuri\UI_test\main.py", line 151, in main
    print(f"\U0001f680 �帲�� UI �׽�Ʈ ����: {datetime.now().strftime('%Y-%m-%d %H:%M:%S')}")
    ~~~~~^^^^^^^^^^^^^^^^^^^^^^^^^^^^^^^^^^^^^^^^^^^^^^^^^^^^^^^^^^^^^^^^^^^^^^^^^^^^^
UnicodeEncodeError: 'cp949' codec can't encode character '\U0001f680' in position 0: illegal multibyte sequence
